Evaluating    1 trackers on    60 sequences
Tracker: fartrack_sparse_delayed_search fartrack_sparse_224_full 1111 ,  Sequence: GOT-10k_Val_000001
i use vit_tiny
Load pretrained FARTrack from:  /root/autodl-tmp/experiment/.research-assets/checkpoints/FARTrackSparse_ep0015.pth.tar
FPS: 43.45820300472594
create tracking result dir: /root/autodl-tmp/experiment/.research-assets/output/test/tracking_results/fartrack_sparse_delayed_search/fartrack_sparse_224_full_1111
Tracker: fartrack_sparse_delayed_search fartrack_sparse_224_full 1111 ,  Sequence: GOT-10k_Val_000004
i use vit_tiny
Load pretrained FARTrack from:  /root/autodl-tmp/experiment/.research-assets/checkpoints/FARTrackSparse_ep0015.pth.tar
FPS: 103.81463369788517
Tracker: fartrack_sparse_delayed_search fartrack_sparse_224_full 1111 ,  Sequence: GOT-10k_Val_000007
i use vit_tiny
Load pretrained FARTrack from:  /root/autodl-tmp/experiment/.research-assets/checkpoints/FARTrackSparse_ep0015.pth.tar
FPS: 87.69977487004375
Tracker: fartrack_sparse_delayed_search fartrack_sparse_224_full 1111 ,  Sequence: GOT-10k_Val_000010
i use vit_tiny
Load pretrained FARTrack from:  /root/autodl-tmp/experiment/.research-assets/checkpoints/FARTrackSparse_ep0015.pth.tar
FPS: 24.287569302315408
Tracker: fartrack_sparse_delayed_search fartrack_sparse_224_full 1111 ,  Sequence: GOT-10k_Val_000013
i use vit_tiny
Load pretrained FARTrack from:  /root/autodl-tmp/experiment/.research-assets/checkpoints/FARTrackSparse_ep0015.pth.tar
FPS: 108.20609160785075
Tracker: fartrack_sparse_delayed_search fartrack_sparse_224_full 1111 ,  Sequence: GOT-10k_Val_000016
i use vit_tiny
Load pretrained FARTrack from:  /root/autodl-tmp/experiment/.research-assets/checkpoints/FARTrackSparse_ep0015.pth.tar
FPS: 83.45146477147019
Tracker: fartrack_sparse_delayed_search fartrack_sparse_224_full 1111 ,  Sequence: GOT-10k_Val_000019
i use vit_tiny
Load pretrained FARTrack from:  /root/autodl-tmp/experiment/.research-assets/checkpoints/FARTrackSparse_ep0015.pth.tar
FPS: 66.74391893031606
Tracker: fartrack_sparse_delayed_search fartrack_sparse_224_full 1111 ,  Sequence: GOT-10k_Val_000022
i use vit_tiny
Load pretrained FARTrack from:  /root/autodl-tmp/experiment/.research-assets/checkpoints/FARTrackSparse_ep0015.pth.tar
FPS: 110.02746027598783
Tracker: fartrack_sparse_delayed_search fartrack_sparse_224_full 1111 ,  Sequence: GOT-10k_Val_000025
i use vit_tiny
Load pretrained FARTrack from:  /root/autodl-tmp/experiment/.research-assets/checkpoints/FARTrackSparse_ep0015.pth.tar
FPS: 109.01982838431064
Tracker: fartrack_sparse_delayed_search fartrack_sparse_224_full 1111 ,  Sequence: GOT-10k_Val_000028
i use vit_tiny
Load pretrained FARTrack from:  /root/autodl-tmp/experiment/.research-assets/checkpoints/FARTrackSparse_ep0015.pth.tar
FPS: 82.92101209285848
Tracker: fartrack_sparse_delayed_search fartrack_sparse_224_full 1111 ,  Sequence: GOT-10k_Val_000031
i use vit_tiny
Load pretrained FARTrack from:  /root/autodl-tmp/experiment/.research-assets/checkpoints/FARTrackSparse_ep0015.pth.tar
FPS: 106.32442518879836
Tracker: fartrack_sparse_delayed_search fartrack_sparse_224_full 1111 ,  Sequence: GOT-10k_Val_000034
i use vit_tiny
Load pretrained FARTrack from:  /root/autodl-tmp/experiment/.research-assets/checkpoints/FARTrackSparse_ep0015.pth.tar
FPS: 103.76765054063382
Tracker: fartrack_sparse_delayed_search fartrack_sparse_224_full 1111 ,  Sequence: GOT-10k_Val_000037
i use vit_tiny
Load pretrained FARTrack from:  /root/autodl-tmp/experiment/.research-assets/checkpoints/FARTrackSparse_ep0015.pth.tar
FPS: 92.95713981372796
Tracker: fartrack_sparse_delayed_search fartrack_sparse_224_full 1111 ,  Sequence: GOT-10k_Val_000040
i use vit_tiny
Load pretrained FARTrack from:  /root/autodl-tmp/experiment/.research-assets/checkpoints/FARTrackSparse_ep0015.pth.tar
FPS: 111.79031639643812
Tracker: fartrack_sparse_delayed_search fartrack_sparse_224_full 1111 ,  Sequence: GOT-10k_Val_000043
i use vit_tiny
Load pretrained FARTrack from:  /root/autodl-tmp/experiment/.research-assets/checkpoints/FARTrackSparse_ep0015.pth.tar
FPS: 57.139494179114564
Tracker: fartrack_sparse_delayed_search fartrack_sparse_224_full 1111 ,  Sequence: GOT-10k_Val_000046
i use vit_tiny
Load pretrained FARTrack from:  /root/autodl-tmp/experiment/.research-assets/checkpoints/FARTrackSparse_ep0015.pth.tar
FPS: 40.738595282746545
Tracker: fartrack_sparse_delayed_search fartrack_sparse_224_full 1111 ,  Sequence: GOT-10k_Val_000049
i use vit_tiny
Load pretrained FARTrack from:  /root/autodl-tmp/experiment/.research-assets/checkpoints/FARTrackSparse_ep0015.pth.tar
FPS: 77.50288432022317
Tracker: fartrack_sparse_delayed_search fartrack_sparse_224_full 1111 ,  Sequence: GOT-10k_Val_000052
i use vit_tiny
Load pretrained FARTrack from:  /root/autodl-tmp/experiment/.research-assets/checkpoints/FARTrackSparse_ep0015.pth.tar
FPS: 74.36491206019345
Tracker: fartrack_sparse_delayed_search fartrack_sparse_224_full 1111 ,  Sequence: GOT-10k_Val_000055
i use vit_tiny
Load pretrained FARTrack from:  /root/autodl-tmp/experiment/.research-assets/checkpoints/FARTrackSparse_ep0015.pth.tar
FPS: 104.62242058696226
Tracker: fartrack_sparse_delayed_search fartrack_sparse_224_full 1111 ,  Sequence: GOT-10k_Val_000058
i use vit_tiny
Load pretrained FARTrack from:  /root/autodl-tmp/experiment/.research-assets/checkpoints/FARTrackSparse_ep0015.pth.tar
FPS: 21.7472023190594
Tracker: fartrack_sparse_delayed_search fartrack_sparse_224_full 1111 ,  Sequence: GOT-10k_Val_000061
i use vit_tiny
Load pretrained FARTrack from:  /root/autodl-tmp/experiment/.research-assets/checkpoints/FARTrackSparse_ep0015.pth.tar
FPS: 99.92350589339756
Tracker: fartrack_sparse_delayed_search fartrack_sparse_224_full 1111 ,  Sequence: GOT-10k_Val_000064
i use vit_tiny
Load pretrained FARTrack from:  /root/autodl-tmp/experiment/.research-assets/checkpoints/FARTrackSparse_ep0015.pth.tar
FPS: 106.51489283255393
Tracker: fartrack_sparse_delayed_search fartrack_sparse_224_full 1111 ,  Sequence: GOT-10k_Val_000067
i use vit_tiny
Load pretrained FARTrack from:  /root/autodl-tmp/experiment/.research-assets/checkpoints/FARTrackSparse_ep0015.pth.tar
FPS: 27.363347887290338
Tracker: fartrack_sparse_delayed_search fartrack_sparse_224_full 1111 ,  Sequence: GOT-10k_Val_000070
i use vit_tiny
Load pretrained FARTrack from:  /root/autodl-tmp/experiment/.research-assets/checkpoints/FARTrackSparse_ep0015.pth.tar
FPS: 89.7454187887315
Tracker: fartrack_sparse_delayed_search fartrack_sparse_224_full 1111 ,  Sequence: GOT-10k_Val_000073
i use vit_tiny
Load pretrained FARTrack from:  /root/autodl-tmp/experiment/.research-assets/checkpoints/FARTrackSparse_ep0015.pth.tar
FPS: 106.85460692301059
Tracker: fartrack_sparse_delayed_search fartrack_sparse_224_full 1111 ,  Sequence: GOT-10k_Val_000076
i use vit_tiny
Load pretrained FARTrack from:  /root/autodl-tmp/experiment/.research-assets/checkpoints/FARTrackSparse_ep0015.pth.tar
FPS: 106.92505534796136
Tracker: fartrack_sparse_delayed_search fartrack_sparse_224_full 1111 ,  Sequence: GOT-10k_Val_000079
i use vit_tiny
Load pretrained FARTrack from:  /root/autodl-tmp/experiment/.research-assets/checkpoints/FARTrackSparse_ep0015.pth.tar
FPS: 96.54018072926976
Tracker: fartrack_sparse_delayed_search fartrack_sparse_224_full 1111 ,  Sequence: GOT-10k_Val_000082
i use vit_tiny
Load pretrained FARTrack from:  /root/autodl-tmp/experiment/.research-assets/checkpoints/FARTrackSparse_ep0015.pth.tar
FPS: 109.36251541628533
Tracker: fartrack_sparse_delayed_search fartrack_sparse_224_full 1111 ,  Sequence: GOT-10k_Val_000085
i use vit_tiny
Load pretrained FARTrack from:  /root/autodl-tmp/experiment/.research-assets/checkpoints/FARTrackSparse_ep0015.pth.tar
FPS: 100.53646723585263
Tracker: fartrack_sparse_delayed_search fartrack_sparse_224_full 1111 ,  Sequence: GOT-10k_Val_000088
i use vit_tiny
Load pretrained FARTrack from:  /root/autodl-tmp/experiment/.research-assets/checkpoints/FARTrackSparse_ep0015.pth.tar
FPS: 101.98429350504342
Tracker: fartrack_sparse_delayed_search fartrack_sparse_224_full 1111 ,  Sequence: GOT-10k_Val_000091
i use vit_tiny
Load pretrained FARTrack from:  /root/autodl-tmp/experiment/.research-assets/checkpoints/FARTrackSparse_ep0015.pth.tar
FPS: 89.54640794202417
Tracker: fartrack_sparse_delayed_search fartrack_sparse_224_full 1111 ,  Sequence: GOT-10k_Val_000094
i use vit_tiny
Load pretrained FARTrack from:  /root/autodl-tmp/experiment/.research-assets/checkpoints/FARTrackSparse_ep0015.pth.tar
FPS: 28.26047592572313
Tracker: fartrack_sparse_delayed_search fartrack_sparse_224_full 1111 ,  Sequence: GOT-10k_Val_000097
i use vit_tiny
Load pretrained FARTrack from:  /root/autodl-tmp/experiment/.research-assets/checkpoints/FARTrackSparse_ep0015.pth.tar
FPS: 104.70275210839968
Tracker: fartrack_sparse_delayed_search fartrack_sparse_224_full 1111 ,  Sequence: GOT-10k_Val_000100
i use vit_tiny
Load pretrained FARTrack from:  /root/autodl-tmp/experiment/.research-assets/checkpoints/FARTrackSparse_ep0015.pth.tar
FPS: 23.66781091661606
Tracker: fartrack_sparse_delayed_search fartrack_sparse_224_full 1111 ,  Sequence: GOT-10k_Val_000103
i use vit_tiny
Load pretrained FARTrack from:  /root/autodl-tmp/experiment/.research-assets/checkpoints/FARTrackSparse_ep0015.pth.tar
FPS: 105.99927332716044
Tracker: fartrack_sparse_delayed_search fartrack_sparse_224_full 1111 ,  Sequence: GOT-10k_Val_000106
i use vit_tiny
Load pretrained FARTrack from:  /root/autodl-tmp/experiment/.research-assets/checkpoints/FARTrackSparse_ep0015.pth.tar
FPS: 12.6891675423378
Tracker: fartrack_sparse_delayed_search fartrack_sparse_224_full 1111 ,  Sequence: GOT-10k_Val_000109
i use vit_tiny
Load pretrained FARTrack from:  /root/autodl-tmp/experiment/.research-assets/checkpoints/FARTrackSparse_ep0015.pth.tar
FPS: 18.59838756023739
Tracker: fartrack_sparse_delayed_search fartrack_sparse_224_full 1111 ,  Sequence: GOT-10k_Val_000112
i use vit_tiny
Load pretrained FARTrack from:  /root/autodl-tmp/experiment/.research-assets/checkpoints/FARTrackSparse_ep0015.pth.tar
FPS: 18.01130142703782
Tracker: fartrack_sparse_delayed_search fartrack_sparse_224_full 1111 ,  Sequence: GOT-10k_Val_000115
i use vit_tiny
Load pretrained FARTrack from:  /root/autodl-tmp/experiment/.research-assets/checkpoints/FARTrackSparse_ep0015.pth.tar
FPS: 89.95657156413967
Tracker: fartrack_sparse_delayed_search fartrack_sparse_224_full 1111 ,  Sequence: GOT-10k_Val_000118
i use vit_tiny
Load pretrained FARTrack from:  /root/autodl-tmp/experiment/.research-assets/checkpoints/FARTrackSparse_ep0015.pth.tar
FPS: 85.66072300037199
Tracker: fartrack_sparse_delayed_search fartrack_sparse_224_full 1111 ,  Sequence: GOT-10k_Val_000121
i use vit_tiny
Load pretrained FARTrack from:  /root/autodl-tmp/experiment/.research-assets/checkpoints/FARTrackSparse_ep0015.pth.tar
FPS: 16.46521500688196
Tracker: fartrack_sparse_delayed_search fartrack_sparse_224_full 1111 ,  Sequence: GOT-10k_Val_000124
i use vit_tiny
Load pretrained FARTrack from:  /root/autodl-tmp/experiment/.research-assets/checkpoints/FARTrackSparse_ep0015.pth.tar
FPS: 53.45139758718207
Tracker: fartrack_sparse_delayed_search fartrack_sparse_224_full 1111 ,  Sequence: GOT-10k_Val_000127
i use vit_tiny
Load pretrained FARTrack from:  /root/autodl-tmp/experiment/.research-assets/checkpoints/FARTrackSparse_ep0015.pth.tar
FPS: 17.960946970047075
Tracker: fartrack_sparse_delayed_search fartrack_sparse_224_full 1111 ,  Sequence: GOT-10k_Val_000130
i use vit_tiny
Load pretrained FARTrack from:  /root/autodl-tmp/experiment/.research-assets/checkpoints/FARTrackSparse_ep0015.pth.tar
FPS: 105.43555484224376
Tracker: fartrack_sparse_delayed_search fartrack_sparse_224_full 1111 ,  Sequence: GOT-10k_Val_000133
i use vit_tiny
Load pretrained FARTrack from:  /root/autodl-tmp/experiment/.research-assets/checkpoints/FARTrackSparse_ep0015.pth.tar
FPS: 105.96670948279204
Tracker: fartrack_sparse_delayed_search fartrack_sparse_224_full 1111 ,  Sequence: GOT-10k_Val_000136
i use vit_tiny
Load pretrained FARTrack from:  /root/autodl-tmp/experiment/.research-assets/checkpoints/FARTrackSparse_ep0015.pth.tar
FPS: 88.9288920413925
Tracker: fartrack_sparse_delayed_search fartrack_sparse_224_full 1111 ,  Sequence: GOT-10k_Val_000139
i use vit_tiny
Load pretrained FARTrack from:  /root/autodl-tmp/experiment/.research-assets/checkpoints/FARTrackSparse_ep0015.pth.tar
FPS: 24.50493086697913
Tracker: fartrack_sparse_delayed_search fartrack_sparse_224_full 1111 ,  Sequence: GOT-10k_Val_000142
i use vit_tiny
Load pretrained FARTrack from:  /root/autodl-tmp/experiment/.research-assets/checkpoints/FARTrackSparse_ep0015.pth.tar
FPS: 57.89884947623826
Tracker: fartrack_sparse_delayed_search fartrack_sparse_224_full 1111 ,  Sequence: GOT-10k_Val_000145
i use vit_tiny
Load pretrained FARTrack from:  /root/autodl-tmp/experiment/.research-assets/checkpoints/FARTrackSparse_ep0015.pth.tar
FPS: 107.73275797833314
Tracker: fartrack_sparse_delayed_search fartrack_sparse_224_full 1111 ,  Sequence: GOT-10k_Val_000148
i use vit_tiny
Load pretrained FARTrack from:  /root/autodl-tmp/experiment/.research-assets/checkpoints/FARTrackSparse_ep0015.pth.tar
FPS: 96.55821298087103
Tracker: fartrack_sparse_delayed_search fartrack_sparse_224_full 1111 ,  Sequence: GOT-10k_Val_000151
i use vit_tiny
Load pretrained FARTrack from:  /root/autodl-tmp/experiment/.research-assets/checkpoints/FARTrackSparse_ep0015.pth.tar
FPS: 38.74062381368903
Tracker: fartrack_sparse_delayed_search fartrack_sparse_224_full 1111 ,  Sequence: GOT-10k_Val_000154
i use vit_tiny
Load pretrained FARTrack from:  /root/autodl-tmp/experiment/.research-assets/checkpoints/FARTrackSparse_ep0015.pth.tar
FPS: 31.454201565643068
Tracker: fartrack_sparse_delayed_search fartrack_sparse_224_full 1111 ,  Sequence: GOT-10k_Val_000157
i use vit_tiny
Load pretrained FARTrack from:  /root/autodl-tmp/experiment/.research-assets/checkpoints/FARTrackSparse_ep0015.pth.tar
FPS: 98.79505947094674
Tracker: fartrack_sparse_delayed_search fartrack_sparse_224_full 1111 ,  Sequence: GOT-10k_Val_000160
i use vit_tiny
Load pretrained FARTrack from:  /root/autodl-tmp/experiment/.research-assets/checkpoints/FARTrackSparse_ep0015.pth.tar
FPS: 11.498157508744562
Tracker: fartrack_sparse_delayed_search fartrack_sparse_224_full 1111 ,  Sequence: GOT-10k_Val_000163
i use vit_tiny
Load pretrained FARTrack from:  /root/autodl-tmp/experiment/.research-assets/checkpoints/FARTrackSparse_ep0015.pth.tar
FPS: 26.679209259713023
Tracker: fartrack_sparse_delayed_search fartrack_sparse_224_full 1111 ,  Sequence: GOT-10k_Val_000166
i use vit_tiny
Load pretrained FARTrack from:  /root/autodl-tmp/experiment/.research-assets/checkpoints/FARTrackSparse_ep0015.pth.tar
FPS: 81.2985109921421
Tracker: fartrack_sparse_delayed_search fartrack_sparse_224_full 1111 ,  Sequence: GOT-10k_Val_000169
i use vit_tiny
Load pretrained FARTrack from:  /root/autodl-tmp/experiment/.research-assets/checkpoints/FARTrackSparse_ep0015.pth.tar
FPS: 88.50008544366828
Tracker: fartrack_sparse_delayed_search fartrack_sparse_224_full 1111 ,  Sequence: GOT-10k_Val_000172
i use vit_tiny
Load pretrained FARTrack from:  /root/autodl-tmp/experiment/.research-assets/checkpoints/FARTrackSparse_ep0015.pth.tar
FPS: 81.13503327322606
Tracker: fartrack_sparse_delayed_search fartrack_sparse_224_full 1111 ,  Sequence: GOT-10k_Val_000175
i use vit_tiny
Load pretrained FARTrack from:  /root/autodl-tmp/experiment/.research-assets/checkpoints/FARTrackSparse_ep0015.pth.tar
FPS: 108.8666755867911
Tracker: fartrack_sparse_delayed_search fartrack_sparse_224_full 1111 ,  Sequence: GOT-10k_Val_000178
i use vit_tiny
Load pretrained FARTrack from:  /root/autodl-tmp/experiment/.research-assets/checkpoints/FARTrackSparse_ep0015.pth.tar
FPS: 2.8956613792486787
Done
