partition 1 sequence_ids [1, 4, 7, 10, 13, 16, 19, 22, 25, 28, 31, 34, 37, 40, 43, 46, 49, 52, 55, 58, 61, 64, 67, 70, 73, 76, 79, 82, 85, 88, 91, 94, 97, 100, 103, 106, 109, 112, 115, 118, 121, 124, 127, 130, 133, 136, 139, 142, 145, 148, 151, 154, 157, 160, 163, 166, 169, 172, 175, 178]
Evaluating    1 trackers on    60 sequences
Tracker: fartrack_sparse_branch_motion fartrack_sparse_224_full 1003 ,  Sequence: GOT-10k_Val_000001
i use vit_tiny
Load pretrained FARTrack from:  /root/autodl-tmp/experiment/.research-assets/checkpoints/FARTrackSparse_ep0015.pth.tar
FPS: 46.55186899680446
create tracking result dir: /root/autodl-tmp/experiment/.research-assets/output/test/tracking_results/fartrack_sparse_branch_motion/fartrack_sparse_224_full_1003
Tracker: fartrack_sparse_branch_motion fartrack_sparse_224_full 1003 ,  Sequence: GOT-10k_Val_000004
i use vit_tiny
Load pretrained FARTrack from:  /root/autodl-tmp/experiment/.research-assets/checkpoints/FARTrackSparse_ep0015.pth.tar
FPS: 109.05685829727693
Tracker: fartrack_sparse_branch_motion fartrack_sparse_224_full 1003 ,  Sequence: GOT-10k_Val_000007
i use vit_tiny
Load pretrained FARTrack from:  /root/autodl-tmp/experiment/.research-assets/checkpoints/FARTrackSparse_ep0015.pth.tar
FPS: 89.08733728242993
Tracker: fartrack_sparse_branch_motion fartrack_sparse_224_full 1003 ,  Sequence: GOT-10k_Val_000010
i use vit_tiny
Load pretrained FARTrack from:  /root/autodl-tmp/experiment/.research-assets/checkpoints/FARTrackSparse_ep0015.pth.tar
FPS: 28.123765780822477
Tracker: fartrack_sparse_branch_motion fartrack_sparse_224_full 1003 ,  Sequence: GOT-10k_Val_000013
i use vit_tiny
Load pretrained FARTrack from:  /root/autodl-tmp/experiment/.research-assets/checkpoints/FARTrackSparse_ep0015.pth.tar
FPS: 108.38188071053463
Tracker: fartrack_sparse_branch_motion fartrack_sparse_224_full 1003 ,  Sequence: GOT-10k_Val_000016
i use vit_tiny
Load pretrained FARTrack from:  /root/autodl-tmp/experiment/.research-assets/checkpoints/FARTrackSparse_ep0015.pth.tar
FPS: 101.44955439445005
Tracker: fartrack_sparse_branch_motion fartrack_sparse_224_full 1003 ,  Sequence: GOT-10k_Val_000019
i use vit_tiny
Load pretrained FARTrack from:  /root/autodl-tmp/experiment/.research-assets/checkpoints/FARTrackSparse_ep0015.pth.tar
FPS: 81.17396056864877
Tracker: fartrack_sparse_branch_motion fartrack_sparse_224_full 1003 ,  Sequence: GOT-10k_Val_000022
i use vit_tiny
Load pretrained FARTrack from:  /root/autodl-tmp/experiment/.research-assets/checkpoints/FARTrackSparse_ep0015.pth.tar
FPS: 111.33344924197078
Tracker: fartrack_sparse_branch_motion fartrack_sparse_224_full 1003 ,  Sequence: GOT-10k_Val_000025
i use vit_tiny
Load pretrained FARTrack from:  /root/autodl-tmp/experiment/.research-assets/checkpoints/FARTrackSparse_ep0015.pth.tar
FPS: 111.4199030972604
Tracker: fartrack_sparse_branch_motion fartrack_sparse_224_full 1003 ,  Sequence: GOT-10k_Val_000028
i use vit_tiny
Load pretrained FARTrack from:  /root/autodl-tmp/experiment/.research-assets/checkpoints/FARTrackSparse_ep0015.pth.tar
FPS: 83.25494094369404
Tracker: fartrack_sparse_branch_motion fartrack_sparse_224_full 1003 ,  Sequence: GOT-10k_Val_000031
i use vit_tiny
Load pretrained FARTrack from:  /root/autodl-tmp/experiment/.research-assets/checkpoints/FARTrackSparse_ep0015.pth.tar
FPS: 107.35502682785305
Tracker: fartrack_sparse_branch_motion fartrack_sparse_224_full 1003 ,  Sequence: GOT-10k_Val_000034
i use vit_tiny
Load pretrained FARTrack from:  /root/autodl-tmp/experiment/.research-assets/checkpoints/FARTrackSparse_ep0015.pth.tar
FPS: 103.94966464784152
Tracker: fartrack_sparse_branch_motion fartrack_sparse_224_full 1003 ,  Sequence: GOT-10k_Val_000037
i use vit_tiny
Load pretrained FARTrack from:  /root/autodl-tmp/experiment/.research-assets/checkpoints/FARTrackSparse_ep0015.pth.tar
FPS: 91.86028786936373
Tracker: fartrack_sparse_branch_motion fartrack_sparse_224_full 1003 ,  Sequence: GOT-10k_Val_000040
i use vit_tiny
Load pretrained FARTrack from:  /root/autodl-tmp/experiment/.research-assets/checkpoints/FARTrackSparse_ep0015.pth.tar
FPS: 113.74612873557162
Tracker: fartrack_sparse_branch_motion fartrack_sparse_224_full 1003 ,  Sequence: GOT-10k_Val_000043
i use vit_tiny
Load pretrained FARTrack from:  /root/autodl-tmp/experiment/.research-assets/checkpoints/FARTrackSparse_ep0015.pth.tar
FPS: 69.31310960625935
Tracker: fartrack_sparse_branch_motion fartrack_sparse_224_full 1003 ,  Sequence: GOT-10k_Val_000046
i use vit_tiny
Load pretrained FARTrack from:  /root/autodl-tmp/experiment/.research-assets/checkpoints/FARTrackSparse_ep0015.pth.tar
FPS: 60.58861750378543
Tracker: fartrack_sparse_branch_motion fartrack_sparse_224_full 1003 ,  Sequence: GOT-10k_Val_000049
i use vit_tiny
Load pretrained FARTrack from:  /root/autodl-tmp/experiment/.research-assets/checkpoints/FARTrackSparse_ep0015.pth.tar
FPS: 77.88339274204087
Tracker: fartrack_sparse_branch_motion fartrack_sparse_224_full 1003 ,  Sequence: GOT-10k_Val_000052
i use vit_tiny
Load pretrained FARTrack from:  /root/autodl-tmp/experiment/.research-assets/checkpoints/FARTrackSparse_ep0015.pth.tar
FPS: 74.26339669662858
Tracker: fartrack_sparse_branch_motion fartrack_sparse_224_full 1003 ,  Sequence: GOT-10k_Val_000055
i use vit_tiny
Load pretrained FARTrack from:  /root/autodl-tmp/experiment/.research-assets/checkpoints/FARTrackSparse_ep0015.pth.tar
FPS: 106.15357063416471
Tracker: fartrack_sparse_branch_motion fartrack_sparse_224_full 1003 ,  Sequence: GOT-10k_Val_000058
i use vit_tiny
Load pretrained FARTrack from:  /root/autodl-tmp/experiment/.research-assets/checkpoints/FARTrackSparse_ep0015.pth.tar
FPS: 27.582986519813584
Tracker: fartrack_sparse_branch_motion fartrack_sparse_224_full 1003 ,  Sequence: GOT-10k_Val_000061
i use vit_tiny
Load pretrained FARTrack from:  /root/autodl-tmp/experiment/.research-assets/checkpoints/FARTrackSparse_ep0015.pth.tar
FPS: 103.72946504085027
Tracker: fartrack_sparse_branch_motion fartrack_sparse_224_full 1003 ,  Sequence: GOT-10k_Val_000064
i use vit_tiny
Load pretrained FARTrack from:  /root/autodl-tmp/experiment/.research-assets/checkpoints/FARTrackSparse_ep0015.pth.tar
FPS: 109.17506965265258
Tracker: fartrack_sparse_branch_motion fartrack_sparse_224_full 1003 ,  Sequence: GOT-10k_Val_000067
i use vit_tiny
Load pretrained FARTrack from:  /root/autodl-tmp/experiment/.research-assets/checkpoints/FARTrackSparse_ep0015.pth.tar
FPS: 39.86464545467629
Tracker: fartrack_sparse_branch_motion fartrack_sparse_224_full 1003 ,  Sequence: GOT-10k_Val_000070
i use vit_tiny
Load pretrained FARTrack from:  /root/autodl-tmp/experiment/.research-assets/checkpoints/FARTrackSparse_ep0015.pth.tar
FPS: 92.61443479259314
Tracker: fartrack_sparse_branch_motion fartrack_sparse_224_full 1003 ,  Sequence: GOT-10k_Val_000073
i use vit_tiny
Load pretrained FARTrack from:  /root/autodl-tmp/experiment/.research-assets/checkpoints/FARTrackSparse_ep0015.pth.tar
FPS: 107.11108180093332
Tracker: fartrack_sparse_branch_motion fartrack_sparse_224_full 1003 ,  Sequence: GOT-10k_Val_000076
i use vit_tiny
Load pretrained FARTrack from:  /root/autodl-tmp/experiment/.research-assets/checkpoints/FARTrackSparse_ep0015.pth.tar
FPS: 108.20259299356869
Tracker: fartrack_sparse_branch_motion fartrack_sparse_224_full 1003 ,  Sequence: GOT-10k_Val_000079
i use vit_tiny
Load pretrained FARTrack from:  /root/autodl-tmp/experiment/.research-assets/checkpoints/FARTrackSparse_ep0015.pth.tar
FPS: 98.91104334626189
Tracker: fartrack_sparse_branch_motion fartrack_sparse_224_full 1003 ,  Sequence: GOT-10k_Val_000082
i use vit_tiny
Load pretrained FARTrack from:  /root/autodl-tmp/experiment/.research-assets/checkpoints/FARTrackSparse_ep0015.pth.tar
FPS: 113.42602227310957
Tracker: fartrack_sparse_branch_motion fartrack_sparse_224_full 1003 ,  Sequence: GOT-10k_Val_000085
i use vit_tiny
Load pretrained FARTrack from:  /root/autodl-tmp/experiment/.research-assets/checkpoints/FARTrackSparse_ep0015.pth.tar
FPS: 105.38171596434869
Tracker: fartrack_sparse_branch_motion fartrack_sparse_224_full 1003 ,  Sequence: GOT-10k_Val_000088
i use vit_tiny
Load pretrained FARTrack from:  /root/autodl-tmp/experiment/.research-assets/checkpoints/FARTrackSparse_ep0015.pth.tar
FPS: 104.03584557717494
Tracker: fartrack_sparse_branch_motion fartrack_sparse_224_full 1003 ,  Sequence: GOT-10k_Val_000091
i use vit_tiny
Load pretrained FARTrack from:  /root/autodl-tmp/experiment/.research-assets/checkpoints/FARTrackSparse_ep0015.pth.tar
FPS: 91.67862751891921
Tracker: fartrack_sparse_branch_motion fartrack_sparse_224_full 1003 ,  Sequence: GOT-10k_Val_000094
i use vit_tiny
Load pretrained FARTrack from:  /root/autodl-tmp/experiment/.research-assets/checkpoints/FARTrackSparse_ep0015.pth.tar
FPS: 34.55432323686628
Tracker: fartrack_sparse_branch_motion fartrack_sparse_224_full 1003 ,  Sequence: GOT-10k_Val_000097
i use vit_tiny
Load pretrained FARTrack from:  /root/autodl-tmp/experiment/.research-assets/checkpoints/FARTrackSparse_ep0015.pth.tar
FPS: 105.60262653017035
Tracker: fartrack_sparse_branch_motion fartrack_sparse_224_full 1003 ,  Sequence: GOT-10k_Val_000100
i use vit_tiny
Load pretrained FARTrack from:  /root/autodl-tmp/experiment/.research-assets/checkpoints/FARTrackSparse_ep0015.pth.tar
FPS: 39.959592228406876
Tracker: fartrack_sparse_branch_motion fartrack_sparse_224_full 1003 ,  Sequence: GOT-10k_Val_000103
i use vit_tiny
Load pretrained FARTrack from:  /root/autodl-tmp/experiment/.research-assets/checkpoints/FARTrackSparse_ep0015.pth.tar
FPS: 109.28895173631606
Tracker: fartrack_sparse_branch_motion fartrack_sparse_224_full 1003 ,  Sequence: GOT-10k_Val_000106
i use vit_tiny
Load pretrained FARTrack from:  /root/autodl-tmp/experiment/.research-assets/checkpoints/FARTrackSparse_ep0015.pth.tar
FPS: 13.867523872283389
Tracker: fartrack_sparse_branch_motion fartrack_sparse_224_full 1003 ,  Sequence: GOT-10k_Val_000109
i use vit_tiny
Load pretrained FARTrack from:  /root/autodl-tmp/experiment/.research-assets/checkpoints/FARTrackSparse_ep0015.pth.tar
FPS: 24.24767241314707
Tracker: fartrack_sparse_branch_motion fartrack_sparse_224_full 1003 ,  Sequence: GOT-10k_Val_000112
i use vit_tiny
Load pretrained FARTrack from:  /root/autodl-tmp/experiment/.research-assets/checkpoints/FARTrackSparse_ep0015.pth.tar
FPS: 19.259617841646488
Tracker: fartrack_sparse_branch_motion fartrack_sparse_224_full 1003 ,  Sequence: GOT-10k_Val_000115
i use vit_tiny
Load pretrained FARTrack from:  /root/autodl-tmp/experiment/.research-assets/checkpoints/FARTrackSparse_ep0015.pth.tar
FPS: 89.0093248740859
Tracker: fartrack_sparse_branch_motion fartrack_sparse_224_full 1003 ,  Sequence: GOT-10k_Val_000118
i use vit_tiny
Load pretrained FARTrack from:  /root/autodl-tmp/experiment/.research-assets/checkpoints/FARTrackSparse_ep0015.pth.tar
FPS: 84.5011389868685
Tracker: fartrack_sparse_branch_motion fartrack_sparse_224_full 1003 ,  Sequence: GOT-10k_Val_000121
i use vit_tiny
Load pretrained FARTrack from:  /root/autodl-tmp/experiment/.research-assets/checkpoints/FARTrackSparse_ep0015.pth.tar
FPS: 18.265981625371495
Tracker: fartrack_sparse_branch_motion fartrack_sparse_224_full 1003 ,  Sequence: GOT-10k_Val_000124
i use vit_tiny
Load pretrained FARTrack from:  /root/autodl-tmp/experiment/.research-assets/checkpoints/FARTrackSparse_ep0015.pth.tar
FPS: 55.78838994177768
Tracker: fartrack_sparse_branch_motion fartrack_sparse_224_full 1003 ,  Sequence: GOT-10k_Val_000127
i use vit_tiny
Load pretrained FARTrack from:  /root/autodl-tmp/experiment/.research-assets/checkpoints/FARTrackSparse_ep0015.pth.tar
FPS: 20.770429340335117
Tracker: fartrack_sparse_branch_motion fartrack_sparse_224_full 1003 ,  Sequence: GOT-10k_Val_000130
i use vit_tiny
Load pretrained FARTrack from:  /root/autodl-tmp/experiment/.research-assets/checkpoints/FARTrackSparse_ep0015.pth.tar
FPS: 106.11509300460261
Tracker: fartrack_sparse_branch_motion fartrack_sparse_224_full 1003 ,  Sequence: GOT-10k_Val_000133
i use vit_tiny
Load pretrained FARTrack from:  /root/autodl-tmp/experiment/.research-assets/checkpoints/FARTrackSparse_ep0015.pth.tar
FPS: 104.717734431932
Tracker: fartrack_sparse_branch_motion fartrack_sparse_224_full 1003 ,  Sequence: GOT-10k_Val_000136
i use vit_tiny
Load pretrained FARTrack from:  /root/autodl-tmp/experiment/.research-assets/checkpoints/FARTrackSparse_ep0015.pth.tar
FPS: 85.7230469664483
Tracker: fartrack_sparse_branch_motion fartrack_sparse_224_full 1003 ,  Sequence: GOT-10k_Val_000139
i use vit_tiny
Load pretrained FARTrack from:  /root/autodl-tmp/experiment/.research-assets/checkpoints/FARTrackSparse_ep0015.pth.tar
FPS: 28.592829787347494
Tracker: fartrack_sparse_branch_motion fartrack_sparse_224_full 1003 ,  Sequence: GOT-10k_Val_000142
i use vit_tiny
Load pretrained FARTrack from:  /root/autodl-tmp/experiment/.research-assets/checkpoints/FARTrackSparse_ep0015.pth.tar
FPS: 67.55030748635656
Tracker: fartrack_sparse_branch_motion fartrack_sparse_224_full 1003 ,  Sequence: GOT-10k_Val_000145
i use vit_tiny
Load pretrained FARTrack from:  /root/autodl-tmp/experiment/.research-assets/checkpoints/FARTrackSparse_ep0015.pth.tar
FPS: 109.67737779685599
Tracker: fartrack_sparse_branch_motion fartrack_sparse_224_full 1003 ,  Sequence: GOT-10k_Val_000148
i use vit_tiny
Load pretrained FARTrack from:  /root/autodl-tmp/experiment/.research-assets/checkpoints/FARTrackSparse_ep0015.pth.tar
FPS: 97.96944116186565
Tracker: fartrack_sparse_branch_motion fartrack_sparse_224_full 1003 ,  Sequence: GOT-10k_Val_000151
i use vit_tiny
Load pretrained FARTrack from:  /root/autodl-tmp/experiment/.research-assets/checkpoints/FARTrackSparse_ep0015.pth.tar
FPS: 69.78050845906724
Tracker: fartrack_sparse_branch_motion fartrack_sparse_224_full 1003 ,  Sequence: GOT-10k_Val_000154
i use vit_tiny
Load pretrained FARTrack from:  /root/autodl-tmp/experiment/.research-assets/checkpoints/FARTrackSparse_ep0015.pth.tar
FPS: 39.948739729390695
Tracker: fartrack_sparse_branch_motion fartrack_sparse_224_full 1003 ,  Sequence: GOT-10k_Val_000157
i use vit_tiny
Load pretrained FARTrack from:  /root/autodl-tmp/experiment/.research-assets/checkpoints/FARTrackSparse_ep0015.pth.tar
FPS: 101.38467424214844
Tracker: fartrack_sparse_branch_motion fartrack_sparse_224_full 1003 ,  Sequence: GOT-10k_Val_000160
i use vit_tiny
Load pretrained FARTrack from:  /root/autodl-tmp/experiment/.research-assets/checkpoints/FARTrackSparse_ep0015.pth.tar
FPS: 16.189853704107612
Tracker: fartrack_sparse_branch_motion fartrack_sparse_224_full 1003 ,  Sequence: GOT-10k_Val_000163
i use vit_tiny
Load pretrained FARTrack from:  /root/autodl-tmp/experiment/.research-assets/checkpoints/FARTrackSparse_ep0015.pth.tar
FPS: 46.44659471694436
Tracker: fartrack_sparse_branch_motion fartrack_sparse_224_full 1003 ,  Sequence: GOT-10k_Val_000166
i use vit_tiny
Load pretrained FARTrack from:  /root/autodl-tmp/experiment/.research-assets/checkpoints/FARTrackSparse_ep0015.pth.tar
FPS: 81.80194637075518
Tracker: fartrack_sparse_branch_motion fartrack_sparse_224_full 1003 ,  Sequence: GOT-10k_Val_000169
i use vit_tiny
Load pretrained FARTrack from:  /root/autodl-tmp/experiment/.research-assets/checkpoints/FARTrackSparse_ep0015.pth.tar
FPS: 90.7638881721862
Tracker: fartrack_sparse_branch_motion fartrack_sparse_224_full 1003 ,  Sequence: GOT-10k_Val_000172
i use vit_tiny
Load pretrained FARTrack from:  /root/autodl-tmp/experiment/.research-assets/checkpoints/FARTrackSparse_ep0015.pth.tar
FPS: 92.75375189713263
Tracker: fartrack_sparse_branch_motion fartrack_sparse_224_full 1003 ,  Sequence: GOT-10k_Val_000175
i use vit_tiny
Load pretrained FARTrack from:  /root/autodl-tmp/experiment/.research-assets/checkpoints/FARTrackSparse_ep0015.pth.tar
FPS: 113.73395838880415
Tracker: fartrack_sparse_branch_motion fartrack_sparse_224_full 1003 ,  Sequence: GOT-10k_Val_000178
i use vit_tiny
Load pretrained FARTrack from:  /root/autodl-tmp/experiment/.research-assets/checkpoints/FARTrackSparse_ep0015.pth.tar
FPS: 3.370422338297054
Done
