partition 1 sequence_ids [1, 4, 7, 10, 13, 16, 19, 22, 25, 28, 31, 34, 37, 40, 43, 46, 49, 52, 55, 58, 61, 64, 67, 70, 73, 76, 79, 82, 85, 88, 91, 94, 97, 100, 103, 106, 109, 112, 115, 118, 121, 124, 127, 130, 133, 136, 139, 142, 145, 148, 151, 154, 157, 160, 163, 166, 169, 172, 175, 178]
Evaluating    1 trackers on    60 sequences
Tracker: fartrack_sparse_entropy_motion fartrack_sparse_224_full 901 ,  Sequence: GOT-10k_Val_000001
i use vit_tiny
Load pretrained FARTrack from:  /root/autodl-tmp/experiment/.research-assets/checkpoints/FARTrackSparse_ep0015.pth.tar
Tracker: fartrack_sparse_entropy_motion fartrack_sparse_224_full 901 ,  Sequence: GOT-10k_Val_000031
i use vit_tiny
Load pretrained FARTrack from:  /root/autodl-tmp/experiment/.research-assets/checkpoints/FARTrackSparse_ep0015.pth.tar
FPS: 23.625433897186493
create tracking result dir: /root/autodl-tmp/experiment/.research-assets/output/test/tracking_results/fartrack_sparse_entropy_motion/fartrack_sparse_224_full_901
Tracker: fartrack_sparse_entropy_motion fartrack_sparse_224_full 901 ,  Sequence: GOT-10k_Val_000004
i use vit_tiny
Load pretrained FARTrack from:  /root/autodl-tmp/experiment/.research-assets/checkpoints/FARTrackSparse_ep0015.pth.tar
Tracker: fartrack_sparse_entropy_motion fartrack_sparse_224_full 901 ,  Sequence: GOT-10k_Val_000016
i use vit_tiny
Load pretrained FARTrack from:  /root/autodl-tmp/experiment/.research-assets/checkpoints/FARTrackSparse_ep0015.pth.tar
FPS: 23.631932009875786
Tracker: fartrack_sparse_entropy_motion fartrack_sparse_224_full 901 ,  Sequence: GOT-10k_Val_000034
i use vit_tiny
Load pretrained FARTrack from:  /root/autodl-tmp/experiment/.research-assets/checkpoints/FARTrackSparse_ep0015.pth.tar
FPS: 28.86237197331316
Tracker: fartrack_sparse_entropy_motion fartrack_sparse_224_full 901 ,  Sequence: GOT-10k_Val_000007
i use vit_tiny
Load pretrained FARTrack from:  /root/autodl-tmp/experiment/.research-assets/checkpoints/FARTrackSparse_ep0015.pth.tar
FPS: 19.04410515743189
Tracker: fartrack_sparse_entropy_motion fartrack_sparse_224_full 901 ,  Sequence: GOT-10k_Val_000019
i use vit_tiny
Load pretrained FARTrack from:  /root/autodl-tmp/experiment/.research-assets/checkpoints/FARTrackSparse_ep0015.pth.tar
FPS: 22.607051134302978
Tracker: fartrack_sparse_entropy_motion fartrack_sparse_224_full 901 ,  Sequence: GOT-10k_Val_000037
i use vit_tiny
Load pretrained FARTrack from:  /root/autodl-tmp/experiment/.research-assets/checkpoints/FARTrackSparse_ep0015.pth.tar
FPS: 21.41383343654863
Tracker: fartrack_sparse_entropy_motion fartrack_sparse_224_full 901 ,  Sequence: GOT-10k_Val_000022
i use vit_tiny
Load pretrained FARTrack from:  /root/autodl-tmp/experiment/.research-assets/checkpoints/FARTrackSparse_ep0015.pth.tar
FPS: 21.75243655075392
Tracker: fartrack_sparse_entropy_motion fartrack_sparse_224_full 901 ,  Sequence: GOT-10k_Val_000040
i use vit_tiny
Load pretrained FARTrack from:  /root/autodl-tmp/experiment/.research-assets/checkpoints/FARTrackSparse_ep0015.pth.tar
FPS: 36.89002187558708
Tracker: fartrack_sparse_entropy_motion fartrack_sparse_224_full 901 ,  Sequence: GOT-10k_Val_000025
i use vit_tiny
Load pretrained FARTrack from:  /root/autodl-tmp/experiment/.research-assets/checkpoints/FARTrackSparse_ep0015.pth.tar
FPS: 22.941677883243745
Tracker: fartrack_sparse_entropy_motion fartrack_sparse_224_full 901 ,  Sequence: GOT-10k_Val_000010
i use vit_tiny
Load pretrained FARTrack from:  /root/autodl-tmp/experiment/.research-assets/checkpoints/FARTrackSparse_ep0015.pth.tar
FPS: 35.318682960505924
Tracker: fartrack_sparse_entropy_motion fartrack_sparse_224_full 901 ,  Sequence: GOT-10k_Val_000043
i use vit_tiny
Load pretrained FARTrack from:  /root/autodl-tmp/experiment/.research-assets/checkpoints/FARTrackSparse_ep0015.pth.tar
FPS: 9.148348192525498
Tracker: fartrack_sparse_entropy_motion fartrack_sparse_224_full 901 ,  Sequence: GOT-10k_Val_000013
i use vit_tiny
Load pretrained FARTrack from:  /root/autodl-tmp/experiment/.research-assets/checkpoints/FARTrackSparse_ep0015.pth.tar
FPS: 35.297229497605215
Tracker: fartrack_sparse_entropy_motion fartrack_sparse_224_full 901 ,  Sequence: GOT-10k_Val_000028
i use vit_tiny
Load pretrained FARTrack from:  /root/autodl-tmp/experiment/.research-assets/checkpoints/FARTrackSparse_ep0015.pth.tar
FPS: 20.583806171461834
Tracker: fartrack_sparse_entropy_motion fartrack_sparse_224_full 901 ,  Sequence: GOT-10k_Val_000076
i use vit_tiny
Load pretrained FARTrack from:  /root/autodl-tmp/experiment/.research-assets/checkpoints/FARTrackSparse_ep0015.pth.tar
FPS: 29.08146129506156
Tracker: fartrack_sparse_entropy_motion fartrack_sparse_224_full 901 ,  Sequence: GOT-10k_Val_000061
i use vit_tiny
Load pretrained FARTrack from:  /root/autodl-tmp/experiment/.research-assets/checkpoints/FARTrackSparse_ep0015.pth.tar
FPS: 17.748997015261633
Tracker: fartrack_sparse_entropy_motion fartrack_sparse_224_full 901 ,  Sequence: GOT-10k_Val_000046
i use vit_tiny
Load pretrained FARTrack from:  /root/autodl-tmp/experiment/.research-assets/checkpoints/FARTrackSparse_ep0015.pth.tar
FPS: 25.896710184785114
Tracker: fartrack_sparse_entropy_motion fartrack_sparse_224_full 901 ,  Sequence: GOT-10k_Val_000064
i use vit_tiny
Load pretrained FARTrack from:  /root/autodl-tmp/experiment/.research-assets/checkpoints/FARTrackSparse_ep0015.pth.tar
FPS: 31.566827413400304
Tracker: fartrack_sparse_entropy_motion fartrack_sparse_224_full 901 ,  Sequence: GOT-10k_Val_000079
i use vit_tiny
Load pretrained FARTrack from:  /root/autodl-tmp/experiment/.research-assets/checkpoints/FARTrackSparse_ep0015.pth.tar
FPS: 12.211175962228568
Tracker: fartrack_sparse_entropy_motion fartrack_sparse_224_full 901 ,  Sequence: GOT-10k_Val_000049
i use vit_tiny
Load pretrained FARTrack from:  /root/autodl-tmp/experiment/.research-assets/checkpoints/FARTrackSparse_ep0015.pth.tar
FPS: 24.25284084321837
Tracker: fartrack_sparse_entropy_motion fartrack_sparse_224_full 901 ,  Sequence: GOT-10k_Val_000082
i use vit_tiny
Load pretrained FARTrack from:  /root/autodl-tmp/experiment/.research-assets/checkpoints/FARTrackSparse_ep0015.pth.tar
FPS: 28.446547461524286
Tracker: fartrack_sparse_entropy_motion fartrack_sparse_224_full 901 ,  Sequence: GOT-10k_Val_000067
i use vit_tiny
Load pretrained FARTrack from:  /root/autodl-tmp/experiment/.research-assets/checkpoints/FARTrackSparse_ep0015.pth.tar
FPS: 34.689251549972255
Tracker: fartrack_sparse_entropy_motion fartrack_sparse_224_full 901 ,  Sequence: GOT-10k_Val_000085
i use vit_tiny
Load pretrained FARTrack from:  /root/autodl-tmp/experiment/.research-assets/checkpoints/FARTrackSparse_ep0015.pth.tar
FPS: 19.459652188567947
Tracker: fartrack_sparse_entropy_motion fartrack_sparse_224_full 901 ,  Sequence: GOT-10k_Val_000052
i use vit_tiny
Load pretrained FARTrack from:  /root/autodl-tmp/experiment/.research-assets/checkpoints/FARTrackSparse_ep0015.pth.tar
FPS: 9.218871412219128
Tracker: fartrack_sparse_entropy_motion fartrack_sparse_224_full 901 ,  Sequence: GOT-10k_Val_000070
i use vit_tiny
Load pretrained FARTrack from:  /root/autodl-tmp/experiment/.research-assets/checkpoints/FARTrackSparse_ep0015.pth.tar
FPS: 25.983515354469315
Tracker: fartrack_sparse_entropy_motion fartrack_sparse_224_full 901 ,  Sequence: GOT-10k_Val_000088
i use vit_tiny
Load pretrained FARTrack from:  /root/autodl-tmp/experiment/.research-assets/checkpoints/FARTrackSparse_ep0015.pth.tar
FPS: 15.80474827388151
Tracker: fartrack_sparse_entropy_motion fartrack_sparse_224_full 901 ,  Sequence: GOT-10k_Val_000055
i use vit_tiny
Load pretrained FARTrack from:  /root/autodl-tmp/experiment/.research-assets/checkpoints/FARTrackSparse_ep0015.pth.tar
FPS: 19.40208831026412
Tracker: fartrack_sparse_entropy_motion fartrack_sparse_224_full 901 ,  Sequence: GOT-10k_Val_000073
i use vit_tiny
Load pretrained FARTrack from:  /root/autodl-tmp/experiment/.research-assets/checkpoints/FARTrackSparse_ep0015.pth.tar
FPS: 23.746122785856432
Tracker: fartrack_sparse_entropy_motion fartrack_sparse_224_full 901 ,  Sequence: GOT-10k_Val_000091
i use vit_tiny
Load pretrained FARTrack from:  /root/autodl-tmp/experiment/.research-assets/checkpoints/FARTrackSparse_ep0015.pth.tar
FPS: 29.479781450408936
Tracker: fartrack_sparse_entropy_motion fartrack_sparse_224_full 901 ,  Sequence: GOT-10k_Val_000058
i use vit_tiny
Load pretrained FARTrack from:  /root/autodl-tmp/experiment/.research-assets/checkpoints/FARTrackSparse_ep0015.pth.tar
FPS: 28.802085111888086
Tracker: fartrack_sparse_entropy_motion fartrack_sparse_224_full 901 ,  Sequence: GOT-10k_Val_000094
i use vit_tiny
Load pretrained FARTrack from:  /root/autodl-tmp/experiment/.research-assets/checkpoints/FARTrackSparse_ep0015.pth.tar
FPS: 15.261874234595433
Tracker: fartrack_sparse_entropy_motion fartrack_sparse_224_full 901 ,  Sequence: GOT-10k_Val_000097
i use vit_tiny
Load pretrained FARTrack from:  /root/autodl-tmp/experiment/.research-assets/checkpoints/FARTrackSparse_ep0015.pth.tar
FPS: 42.988715950515754
Tracker: fartrack_sparse_entropy_motion fartrack_sparse_224_full 901 ,  Sequence: GOT-10k_Val_000100
i use vit_tiny
Load pretrained FARTrack from:  /root/autodl-tmp/experiment/.research-assets/checkpoints/FARTrackSparse_ep0015.pth.tar
FPS: 11.561094111030357
Tracker: fartrack_sparse_entropy_motion fartrack_sparse_224_full 901 ,  Sequence: GOT-10k_Val_000121
i use vit_tiny
Load pretrained FARTrack from:  /root/autodl-tmp/experiment/.research-assets/checkpoints/FARTrackSparse_ep0015.pth.tar
FPS: 29.94705573817311
Tracker: fartrack_sparse_entropy_motion fartrack_sparse_224_full 901 ,  Sequence: GOT-10k_Val_000106
i use vit_tiny
Load pretrained FARTrack from:  /root/autodl-tmp/experiment/.research-assets/checkpoints/FARTrackSparse_ep0015.pth.tar
FPS: 17.435455185981954
Tracker: fartrack_sparse_entropy_motion fartrack_sparse_224_full 901 ,  Sequence: GOT-10k_Val_000103
i use vit_tiny
Load pretrained FARTrack from:  /root/autodl-tmp/experiment/.research-assets/checkpoints/FARTrackSparse_ep0015.pth.tar
FPS: 9.677133038298336
Tracker: fartrack_sparse_entropy_motion fartrack_sparse_224_full 901 ,  Sequence: GOT-10k_Val_000124
i use vit_tiny
Load pretrained FARTrack from:  /root/autodl-tmp/experiment/.research-assets/checkpoints/FARTrackSparse_ep0015.pth.tar
FPS: 7.0128079768037495
Tracker: fartrack_sparse_entropy_motion fartrack_sparse_224_full 901 ,  Sequence: GOT-10k_Val_000109
i use vit_tiny
Load pretrained FARTrack from:  /root/autodl-tmp/experiment/.research-assets/checkpoints/FARTrackSparse_ep0015.pth.tar
FPS: 38.611747160790834
Tracker: fartrack_sparse_entropy_motion fartrack_sparse_224_full 901 ,  Sequence: GOT-10k_Val_000136
i use vit_tiny
Load pretrained FARTrack from:  /root/autodl-tmp/experiment/.research-assets/checkpoints/FARTrackSparse_ep0015.pth.tar
FPS: 18.45495269023756
Tracker: fartrack_sparse_entropy_motion fartrack_sparse_224_full 901 ,  Sequence: GOT-10k_Val_000127
i use vit_tiny
Load pretrained FARTrack from:  /root/autodl-tmp/experiment/.research-assets/checkpoints/FARTrackSparse_ep0015.pth.tar
FPS: 10.485404690123248
Tracker: fartrack_sparse_entropy_motion fartrack_sparse_224_full 901 ,  Sequence: GOT-10k_Val_000130
i use vit_tiny
Load pretrained FARTrack from:  /root/autodl-tmp/experiment/.research-assets/checkpoints/FARTrackSparse_ep0015.pth.tar
FPS: 31.6340082235454
Tracker: fartrack_sparse_entropy_motion fartrack_sparse_224_full 901 ,  Sequence: GOT-10k_Val_000139
i use vit_tiny
Load pretrained FARTrack from:  /root/autodl-tmp/experiment/.research-assets/checkpoints/FARTrackSparse_ep0015.pth.tar
FPS: 36.060141039054336
Tracker: fartrack_sparse_entropy_motion fartrack_sparse_224_full 901 ,  Sequence: GOT-10k_Val_000133
i use vit_tiny
Load pretrained FARTrack from:  /root/autodl-tmp/experiment/.research-assets/checkpoints/FARTrackSparse_ep0015.pth.tar
FPS: 8.61771123630667
Tracker: fartrack_sparse_entropy_motion fartrack_sparse_224_full 901 ,  Sequence: GOT-10k_Val_000112
i use vit_tiny
Load pretrained FARTrack from:  /root/autodl-tmp/experiment/.research-assets/checkpoints/FARTrackSparse_ep0015.pth.tar
FPS: 10.002609688298984
Tracker: fartrack_sparse_entropy_motion fartrack_sparse_224_full 901 ,  Sequence: GOT-10k_Val_000142
i use vit_tiny
Load pretrained FARTrack from:  /root/autodl-tmp/experiment/.research-assets/checkpoints/FARTrackSparse_ep0015.pth.tar
FPS: 43.66121245970514
Tracker: fartrack_sparse_entropy_motion fartrack_sparse_224_full 901 ,  Sequence: GOT-10k_Val_000151
i use vit_tiny
Load pretrained FARTrack from:  /root/autodl-tmp/experiment/.research-assets/checkpoints/FARTrackSparse_ep0015.pth.tar
FPS: 9.750748918676178
Tracker: fartrack_sparse_entropy_motion fartrack_sparse_224_full 901 ,  Sequence: GOT-10k_Val_000115
i use vit_tiny
Load pretrained FARTrack from:  /root/autodl-tmp/experiment/.research-assets/checkpoints/FARTrackSparse_ep0015.pth.tar
FPS: 17.813813971909667
Tracker: fartrack_sparse_entropy_motion fartrack_sparse_224_full 901 ,  Sequence: GOT-10k_Val_000145
i use vit_tiny
Load pretrained FARTrack from:  /root/autodl-tmp/experiment/.research-assets/checkpoints/FARTrackSparse_ep0015.pth.tar
FPS: 36.13167196470288
Tracker: fartrack_sparse_entropy_motion fartrack_sparse_224_full 901 ,  Sequence: GOT-10k_Val_000148
i use vit_tiny
Load pretrained FARTrack from:  /root/autodl-tmp/experiment/.research-assets/checkpoints/FARTrackSparse_ep0015.pth.tar
FPS: 16.98002656934604
Tracker: fartrack_sparse_entropy_motion fartrack_sparse_224_full 901 ,  Sequence: GOT-10k_Val_000154
i use vit_tiny
Load pretrained FARTrack from:  /root/autodl-tmp/experiment/.research-assets/checkpoints/FARTrackSparse_ep0015.pth.tar
FPS: 23.830062502437446
Tracker: fartrack_sparse_entropy_motion fartrack_sparse_224_full 901 ,  Sequence: GOT-10k_Val_000118
i use vit_tiny
Load pretrained FARTrack from:  /root/autodl-tmp/experiment/.research-assets/checkpoints/FARTrackSparse_ep0015.pth.tar
FPS: 10.501291215238982
Tracker: fartrack_sparse_entropy_motion fartrack_sparse_224_full 901 ,  Sequence: GOT-10k_Val_000157
i use vit_tiny
Load pretrained FARTrack from:  /root/autodl-tmp/experiment/.research-assets/checkpoints/FARTrackSparse_ep0015.pth.tar
FPS: 24.707481908754158
Tracker: fartrack_sparse_entropy_motion fartrack_sparse_224_full 901 ,  Sequence: GOT-10k_Val_000166
i use vit_tiny
Load pretrained FARTrack from:  /root/autodl-tmp/experiment/.research-assets/checkpoints/FARTrackSparse_ep0015.pth.tar
FPS: 21.624784186736328
Tracker: fartrack_sparse_entropy_motion fartrack_sparse_224_full 901 ,  Sequence: GOT-10k_Val_000169
i use vit_tiny
Load pretrained FARTrack from:  /root/autodl-tmp/experiment/.research-assets/checkpoints/FARTrackSparse_ep0015.pth.tar
FPS: 52.05397562414924
Tracker: fartrack_sparse_entropy_motion fartrack_sparse_224_full 901 ,  Sequence: GOT-10k_Val_000172
i use vit_tiny
Load pretrained FARTrack from:  /root/autodl-tmp/experiment/.research-assets/checkpoints/FARTrackSparse_ep0015.pth.tar
FPS: 28.480164064650754
Tracker: fartrack_sparse_entropy_motion fartrack_sparse_224_full 901 ,  Sequence: GOT-10k_Val_000160
i use vit_tiny
Load pretrained FARTrack from:  /root/autodl-tmp/experiment/.research-assets/checkpoints/FARTrackSparse_ep0015.pth.tar
FPS: 67.02499318009798
Tracker: fartrack_sparse_entropy_motion fartrack_sparse_224_full 901 ,  Sequence: GOT-10k_Val_000175
i use vit_tiny
Load pretrained FARTrack from:  /root/autodl-tmp/experiment/.research-assets/checkpoints/FARTrackSparse_ep0015.pth.tar
FPS: 10.286086426788815
Tracker: fartrack_sparse_entropy_motion fartrack_sparse_224_full 901 ,  Sequence: GOT-10k_Val_000163
i use vit_tiny
Load pretrained FARTrack from:  /root/autodl-tmp/experiment/.research-assets/checkpoints/FARTrackSparse_ep0015.pth.tar
FPS: 83.4255769719838
Tracker: fartrack_sparse_entropy_motion fartrack_sparse_224_full 901 ,  Sequence: GOT-10k_Val_000178
i use vit_tiny
Load pretrained FARTrack from:  /root/autodl-tmp/experiment/.research-assets/checkpoints/FARTrackSparse_ep0015.pth.tar
FPS: 22.08399984408615
FPS: 3.3770874268875035
FPS: 27.78133276262555
Done
